// Jest Snapshot v1, https://goo.gl/fbAQLP

exports[`Board Actions Action Creators creates a SET_BOARD_TITLE action 1`] = `
Object {
  "title": "Some Title",
  "type": "SET_BOARD_TITLE",
}
`;
