// Jest Snapshot v1, https://goo.gl/fbAQLP

exports[`App Component snapshot mathes snapshot 1`] = `
<div
  className="App"
>
  {"name":"","username":"","email":"","bio":"","avatar":"","boards":[],"teams":[],"assigned_cards":[],"activity":[]}
</div>
`;
